I'm sorry, but errors were detected in your script. Please correct the
errors listed below, and try again.


File "game/script.rpy", line 217: reached end of line when expecting ':'.
    elif first_game == "tony hawk"
                                  ^

File "game/script.rpy", line 219: expected statement.
    elif first_game == "cod":
                    ^

Ren'Py Version: Ren'Py 8.1.3.23091805
Mon Jan 15 17:10:53 2024
